// Jest Snapshot v1, https://goo.gl/fbAQLP

exports[`<TodoInput /> snapshots should render 1`] = `
<form
  className="todoInput"
  onSubmit={[Function]}
>
  <input
    className="title"
    onChange={[Function]}
    value=""
  />
  <span
    className="titleDefault"
  >
    Choose Name
  </span>
  <i
    className="checkbox mdi mdi-checkbox-blank-outline icon"
    onClick={[Function]}
  />
  <button
    className="submitButton"
    type="submit"
  >
    <i
      className="mdi mdi-plus-box icon disabled"
    />
  </button>
</form>
`;
